/Users/math/Desktop/envs/pit/lib/python3.13/site-packages/torch/__init__.py:1617: UserWarning: Please use the new API settings to control TF32 behavior, such as torch.backends.cudnn.conv.fp32_precision = 'tf32' or torch.backends.cuda.matmul.fp32_precision = 'ieee'. Old settings, e.g, torch.backends.cuda.matmul.allow_tf32 = True, torch.backends.cudnn.allow_tf32 = True, allowTF32CuDNN() and allowTF32CuBLAS() will be deprecated after Pytorch 2.9. Please see https://pytorch.org/docs/main/notes/cuda.html#tensorfloat-32-tf32-on-ampere-and-later-devices (Triggered internally at /Users/runner/work/pytorch/pytorch/pytorch/aten/src/ATen/Context.cpp:85.)
  _C._set_float32_matmul_precision(precision)
Running 1 experiment(s): ['OU']

======================================================================
EXPERIMENT: OU
======================================================================
SDE Dataset loaded: 15000 trajectories, 1 variables, 101 time steps
Dataset regrouped into 750000 training bursts.
Final Input (X) shape: (750000, 1)
Final Target (Y) shape: (750000, 1)
[OU] Using 750000/750000 (fraction=1) training bursts.
[OU] Evaluating on 1500 test trajectories (fraction=1.0).
Extracting latent variables using the training-free reverse ODE (Algorithm 3.1)...
Selecting nearest-neighbor subsets for 750000 targets...
    [Neighbor Search] Chunk 1/750 (0.1%) | Active slice: 0:1000
    [Neighbor Search] Chunk 75/750 (10.0%) | Active slice: 74000:75000
    [Neighbor Search] Chunk 150/750 (20.0%) | Active slice: 149000:150000
    [Neighbor Search] Chunk 225/750 (30.0%) | Active slice: 224000:225000
    [Neighbor Search] Chunk 300/750 (40.0%) | Active slice: 299000:300000
    [Neighbor Search] Chunk 375/750 (50.0%) | Active slice: 374000:375000
    [Neighbor Search] Chunk 450/750 (60.0%) | Active slice: 449000:450000
    [Neighbor Search] Chunk 525/750 (70.0%) | Active slice: 524000:525000
    [Neighbor Search] Chunk 600/750 (80.0%) | Active slice: 599000:600000
    [Neighbor Search] Chunk 675/750 (90.0%) | Active slice: 674000:675000
    [Neighbor Search] Chunk 750/750 (100.0%) | Active slice: 749000:750000
Neighbor search complete in 7.38 seconds.
Starting reverse-ODE integration for 750000 targets (score chunk=10000) using the training-free score estimator...
  [ODE Step] tau = 1.00 completed.
  [ODE Step] tau = 1.00 completed.
  [ODE Step] tau = 1.00 completed.
